// Jest Snapshot v1, https://goo.gl/fbAQLP

exports[`<Postcard /> to match snapshot 1`] = `
<div
  class="post"
>
  <img
    alt="Some title"
    src="img/img.jpg"
  />
  <div
    class="post-content"
  >
    <h1>
      Some title
    </h1>
    <p>
      Some body
    </p>
  </div>
</div>
`;
